components/admin-dashboard-tabs/BlogsTab.tsx(6,10): error TS2459: Module '"@/lib/blogs"' declares 'BlogPost' locally, but it is not exported.
components/admin-dashboard-tabs/ProjectsTab.tsx(6,10): error TS2305: Module '"@/lib/projects"' has no exported member 'Project'.
components/admin-dashboard-tabs/TestimonialsTab.tsx(5,10): error TS2305: Module '"@/lib/testimonials"' has no exported member 'Testimonial'.
components/BlogSection.tsx(7,10): error TS2459: Module '"@/lib/blogs"' declares 'BlogPost' locally, but it is not exported.
components/CommentSection.tsx(5,10): error TS2305: Module '"@/lib/blogs"' has no exported member 'Comment'.
components/ProjectsSection.tsx(7,10): error TS2305: Module '"@/lib/projects"' has no exported member 'Project'.
components/STLViewer.tsx(409,42): error TS2304: Cannot find name 'rotation'.
components/STLViewer.tsx(409,54): error TS2304: Cannot find name 'rotation'.
components/STLViewer.tsx(409,66): error TS2304: Cannot find name 'rotation'.
components/STLViewer.tsx(411,9): error TS2304: Cannot find name 'rotation'.
lib/projects.ts(4,46): error TS2304: Cannot find name 'Project'.
lib/projects.ts(13,48): error TS2304: Cannot find name 'QueryDocumentSnapshot'.
lib/projects.ts(13,70): error TS2552: Cannot find name 'DocumentData'. Did you mean 'Document'?
lib/projects.ts(16,22): error TS2304: Cannot find name 'Project'.
lib/projects.ts(32,23): error TS2304: Cannot find name 'Project'.
lib/projects.ts(38,53): error TS2304: Cannot find name 'Project'.
lib/testimonials.ts(4,46): error TS2304: Cannot find name 'Testimonial'.
lib/testimonials.ts(13,48): error TS2304: Cannot find name 'QueryDocumentSnapshot'.
lib/testimonials.ts(13,70): error TS2552: Cannot find name 'DocumentData'. Did you mean 'Document'?
lib/testimonials.ts(16,22): error TS2304: Cannot find name 'Testimonial'.
